982 45
babababababababababababababababababababababab
ababababababababababababababababababababababa
babababababababababababababababababababababab
ababababababababababababababababababababababa
babababababababababababababababababababababab
ababababababababababababababababababababababa
babababababababababababababababababababababab
ababababababababababababababababababababababa
babababababababababababababababababababababab
ababababababababababababababababababababababa
babababababababababababababababababababababab
ababababababababababababababababababababababa
babababababababababababababababababababababab
ababababababababababababababababababababababa
babababababababababababababababababababababab
ababababababababababababababababababababababa
babababababababababababababababababababababab
ababababababababababababababababababababababa
babababababababababababababababababababababab
ababababababababababababababababababababababa
babababababababababababababababababababababab
ababababababababababababababababababababababa
babababababababababababababababababababababab
ababababababababababababababababababababababa
babababababababababababababababababababababab
ababababababababababababababababababababababa
babababababababababababababababababababababab
ababababababababababababababababababababababa
babababababababababababababababababababababab
ababababababababababababababababababababababa
babababababababababababababababababababababab
ababababababababababababababababababababababa
babababababababababababababababababababababab
ababababababababababababababababababababababa
babababababababababababababababababababababab
ababababababababababababababababababababababa
babababababababababababababababababababababab
ababababababababababababababababababababababa
babababababababababababababababababababababab
ababababababababababababababababababababababa
babababababababababababababababababababababab
ababababababababababababababababababababababa
babababababababababababababababababababababab
ababababababababababababababababababababababa
babababababababababababababababababababababab
ababababababababababababababababababababababa
babababababababababababababababababababababab
ababababababababababababababababababababababa
babababababababababababababababababababababab
ababababababababababababababababababababababa
babababababababababababababababababababababab
ababababababababababababababababababababababa
babababababababababababababababababababababab
ababababababababababababababababababababababa
babababababababababababababababababababababab
ababababababababababababababababababababababa
babababababababababababababababababababababab
ababababababababababababababababababababababa
babababababababababababababababababababababab
ababababababababababababababababababababababa
babababababababababababababababababababababab
ababababababababababababababababababababababa
babababababababababababababababababababababab
ababababababababababababababababababababababa
babababababababababababababababababababababab
ababababababababababababababababababababababa
babababababababababababababababababababababab
ababababababababababababababababababababababa
babababababababababababababababababababababab
ababababababababababababababababababababababa
babababababababababababababababababababababab
ababababababababababababababababababababababa
babababababababababababababababababababababab
ababababababababababababababababababababababa
babababababababababababababababababababababab
abababababababababababababababababababababcbc
bcececececececececececececececececececececece
cecececececececececececececececececececececec
ecececececececececececececececececececececece
cecececececececececececececececececececececec
ecececececececececececececececececececececece
cecececececececececececececececececececececec
ecececececececececececececececececececececece
cecececececececececececececececececececececec
ecececececececececececececececececececececece
cecececececececececececececececececececececec
ecececececececececececececececececececececece
cecececececececececececececececececececececec
ecececececececececececececececececececececece
cecececececececececececececececececececececec
ecececececececececececececececececececececece
cecececececececececececececececececececececec
ecececececececececececececececececececececece
cecececececececececececececececececececececec
ecececececececececececececececececececececece
cecececececececececececececececececececececec
ecececececececececececececececececececececece
cecececececececececececececececececececececec
ecececececececececececececececececececececece
cecececececececececececececececececececececec
ecececececececececececececececececececececece
cecececececececececececececececececececececec
ecececececececececececececececececececececece
cecececececececececececececececececececececec
ecececececececececececececececececececececece
cecececececececececececececececececececececec
ecececececececececececececececececececececece
cecececececececececececececececececececececec
ecececececececececececececececececececececece
cecececececececececececececececececececececec
ecececececececececececececececececececececece
cecececececececececececececececececececececec
ecececececececececececececececececececececece
cecececececececececececececececececececececec
ecececececececececececececececececececececece
cecececececececececececececececececececececec
ecececececececececececececececececececececece
cecececececececececececececececececececececec
ecececececececececececececececececececececece
cecececececececececececececececececececececec
ecececececececececececececececececececececece
cecececececececececececececececececececececec
ecececececececececececececececececececececece
cecececececececececececececececececececececec
ecececececececececececececececececececececece
cecececececececececececececececececececececec
ecececececececececececececececececececececece
cecececececececececececececececececececececec
ecececececececececececececececececececececece
cecececececececececececececececececececececec
ecececececececececececececececececececececece
cecececececececececececececececececececececec
ecececececececececececececececececececececece
cecececececececececececececececececececececec
ecececececececececececececececececececececece
cecececececececececececececececececececececec
ecececececececececececececececececececececece
cecececececececececececececececececececececec
ecececececececececececececececececececececece
cecececececececececececececececececececececec
ecececececececececececececececececececececece
cecececececececececececececececececececececec
ecececececececececececececececececececececece
cecececececececececececececececececececececec
ecececececececececececececececececececececece
cecececececececececececececececececececececec
ecececececececececececececececececececececece
cecececececececececececececededededededededed
edededededededededededededededededededededede
dedededededededededededededededededededededed
edededededededededededededededededededededede
dedededededededededededededededededededededed
edededededededededededededededededededededede
dedpdpdpdpdpdpdpdpdpdpdpdpdpdpdpdpdpdpdpdpdpd
pdpdpdpdpdpdpdpdpdpdpdpdpdpdpdpdpdpdpdpdpdpdp
dpdpdpdpdpdpdpdpdpdpdpdpdpdpdpdpdpdpdpdpdpdpd
pdpdpdpdpdpdpdpdpdpdpdpdpdpdpdpdpdpdpdpdpdpdp
dpdpdpdpdpdpdpdpdpdpdpdpdpdpdpdpdpdpdpdpdpdpd
pdpdpdpdpdpdpdpdpdpdpdpdpdpdpdpdpdpdpdpdpdpdp
dpdpdpdpdpdpdpdpdpdpdpdpdpdpdpdpdpdpdpdpdpdpd
pdpdpdpdpdpdpdpdpdpdpdpdpdpdpdpdpdpdpdpdpdpdp
dpdpdpdpdpdpdpdpdpdpdpdpdpdpdpdpdpdpdpdpdpdpd
pdpdpdpdpdpdpdpdpdpdpdpdpdpdpdpdpdpdpdpdpdpdp
dpdpdpdpdpdpdpdpdpdpdpdpdpdpdpdpdpdpdpdpdpdpd
pdpdpdpdpdpdpdpdpdpdpdpdpdpdpdpdpdpdpdpdpdpdp
dpdpdpdpdpdpdpdpdpdpdpdpdpdpdpdpdpdpdpdpdpdpd
pdpdpdpdpdpdpdpdpdpdpdpdpdpdpdpdpdpdpdpdpdpdp
dpdpdpdpdpdpdpdpdpdpdpdpdpdpdpdpdpdpdpdpdpdpd
pdpdpdpdpdpdpdpdpdpdpdpdpdpdpdpdpdpdpdpdpdpdp
dpdpdpdpdpdpdpdpdpdpdpdpdpdpdpdpdpdpdpdpdpdpd
pdpdpdpdpdpdpdpdpdpdpdpdpdpdpdpdpdpdpdpdpdpdp
dpdpdpdpdpdpdpdpdpdpdpdpdpdpdpdpdpdpdpdpdpdpd
pdpdpdpdpdpdpdpdpdpdpdpdpdpdpdpdpdpdpdpdpdpdp
dpdpdpdpdpdpdpdpdpdpdpdpdpdpdpdpdpdpdpdpdpdpd
pdpdpdpdpdpdpdpdpdpdpdpdpdpdpdpdpdpdpdpdpdpdp
dpdpdpdpdpdpdpdpdpdpdpdpdpdpdpdpdpdpdpdpdpdpd
pdpdpdpdpdpdpdpdpdpdpdpdpdpdpdpdpdpdpdpdpdpdp
dpdpdpdpdpdpdpdpdpdpdpdpdpdpdpdpdpdpdpdpdpdpd
pdpdpdpdpdpdpdpdpdpdpdpdpdpdpdpdpdpdpdpdpdpdp
dpdpdpdpdpdpdpdpdpdpdpdpdpdpdpdpdpdpdpdpdpdpd
pdpdpdpdpdpdpdpdpdpdpdpdpdpdpdpdpdpdpdpdpdpdp
dpdpdpdpdpdpdpdpdpdpdpdpdpdpdpdpdpdpdpdpdpdpd
pdpdpdpdpdpdpdpdpdpdpdpdpdpdpdpdpdpdpdpdpdpdp
dpdpdpdpdpdpdpdpdpdpdpdpdpdpdpdpdpdpdpdpdpdpd
pdpdpdpdpdpdpdpdpdpdpdpdpdpdpdpdpdpdpdpdpdpdp
dpdpdpdpdpdpdpdpdpdpdpdpdpdpdpdpdpdpdpdpdpdpd
pdpdpdpdpdpdpdpdpdpdpdpdpdpdpdpdpdpdpdpdpdpdp
dpdpdpdpdpdpdpdpdpdpdpdpdpdpdpdpdpdpdpdpdpdpd
pdpdpdpdpdpdpdpdpdpdpdpdpdpdpdpdpdpdpdpdpdpdp
dpdpdpdpdpdpdpdpdpdpdpdpdpdpdpdpdpdpdpdpdpdpd
pdpdpdpdpdpdpdpdpdpdpdpdpdpdpdpdpdpdpdpdpdpdp
dpdpdpdpdpdpdpdpdpdpdpdpdpdpdpdpdpdpdpdpdpdpd
pdpdpdpdpdpdpdpdpdpdpdpdpdpdpdpdpdpdpdpdpdpdp
dpdpdpdpdpdpdpdpdpdpdpdpdpdpdpdpdpdpdpdpdpdpd
pdpdpdpdpdpdpdpdpdpdpdpdpdpdpdpdpdpdpdpdpdpdp
dpdpdpdpdpdpdpdpdpdpdpdpdpdpdpdpdpdpdpdpdpdpd
pdpdpdpdpdpdpdpdpdpdpdpdpdpdpdpdpdpdpdpdpdpdp
dpdpdpdpdpdpdpdpdpdpdpdpdpdpdpdpdpdpdpdpdpdpd
pdpdpdpdpdpdpdpdpdpdpdpdpdpdpdpdpdpdpdpdpdpdp
dpdpdpdpdpdpdpdpdpdpdpdpdpdpdpdpdpdpdpdpdpdpd
pdpdpdpdpdpdpdpdpdpdpdpdpdpdpdpdpdpdpdpdpdpdp
dpdpdpdpdpdpdpdpdpdpdpdpdpdpdpdpdpdpdpdpdpdpd
pdpdpdpdpdpdpdpdpdpdpdpdpdpdpdpdpdpdpdpdpdpdp
dpdpdpdpdpdpdpdpdpdpdpdpdpdpdpdpdpdpdpdpdpdpd
pdpdpdpdpdpdpdpdpdpdpdpdpdpdpdpdpdpdpdpdpdpdp
dpdpdpdpdpdpdpdpdpdpdpdpdpdpdpdpdpdpdpdpdpdpd
pdpdpdpdpdpdpdpdpdpdpdpdpdpdpdpdpdpdpdpdpdpdp
dpdpdpdpdpdpdpdpdpdpdpdpdpdpdpdpdpdpdpdpdpdpd
pdpdpdpdpdpdpdpdpdpdpdpdpdpdpdpdpdpdpdpdpdpdp
dpdpdpdpdpdpdpdpdpdpdpdpdpdpdpdpdpdpdpdpdpdpd
pdpdpdpdpdpdpdpdpdpdpdpdpdpdpdpdpdpdpdpdpdpdp
dpdpdpdpdpdpdpdpdpdpdpdpdpdpdpdpdpdpdpdpdpdpd
pdpdpdpdpdpdpdpdpdpdpdpdpdpdpdpdpdpdpdpdpdpdp
dpdpdpdpdpdpdpdpdpdpdpdpdpdpdpdpdpdpdpdpdpdpd
pdpdpdpdpdpdpdpdpdpdpdpdpdpdpdpdpdpdpdpdpdpdp
dpdpdpdpdpdpdpdpdpdpdpdpdpdpdpdpdpdpdpdpdpdpd
pdpdpdpdpdpdpdpdpdpdpdpdpdpdpdpdpdpdpdpdpdpdp
dpdpdpdpdpdpdpdpdpdpdpdpdpdpdpdpdpdpdpdpdpdpd
pdpdpdpdpdpdpdpdpdpdpdpdpdpdpdpdpdpdpdpdpdpdp
dpdpdpdpdpdpdpdpdpdpdpdpdpdpdpdpdpdpdpdpdpdpd
pdpdpdpdpdpdpdpdpdpdpdpdpdpdpdpdpdpdpdpdpdpdp
dpdpdpdpdpdpdpdpdpdpdpdpdpdpdpdpdpdpdpdpdpdpd
pdpdpdpdpdpdpdpdpfpfpfpfpfpfpfpfpfpfpfpfpfpfp
fpfpfpfpfpfpfpfpfpfpfpfpfpfpfpfpfpfpfpfpfpfpf
pfpfpfpfpfpfpfpfpfpfpfpfpfpfpfpfpfpfpfpfpfpfp
fpfpfpfpfpfpfpfpfpfpfpfpfpfpfpfpfpfpfpfpfpfpf
pfpfpfpfpfpfpfpfpfpfpfpfpfpfpfpfpfpfpfpfpfpfp
fpfpfpfpfpfpfpfpfpfpfpfpfpfpfpfpfpfpfpfpfpfpf
pfpfpfpfpfqfqfqfqfqfqfqfqfqfqfqfqfqfqfqfqfqfq
fqfqfqfqfqfqfqfqfqfqfqfqfqfqfqfqfqfqfqfqfqfqf
qfqfqfqfqfqfqfqfqfqfqfqfqfqfqfqfqfqfqfqfqfqfq
fqfqfqfqfqfqfqfqfqfqfqfqfqfqfqfqfqfqfqfqfqfqf
qfqfqfqfqfqfqfqfqfqfqfqfqfqfqfqfqfqfqfqfqfqfq
fqfqfqfqfqfqfqfqfqfqfqfqfqfqfqfqfqfqfqfqfqfqf
qfqfqfqfqfqfqfqfqfqfqfqfqfqfqfqfqfqfqfqfqfqfq
fqfqfqfqfqfqfqfqfqfqfqfqfqfqfqfqfqfqfqfqfqfqf
qfqfqfqfqfqfqfqfqfqfqfqfqfqfqfqfqfqfqfqfqfqfq
fqfqfqfqfqfqfqfqfqfqfqfqfqfqfqfqfqfqfqfqfqfqf
qfqfqfqfqfqfqfqfqfqfqfqfqfqfqfqfqfqfqfqfqfqfq
fqfqfqfqfqfqfqfqfqfqfqfqfqfqfqfqfqfqfqfqfqfqf
qfqfqfqfqfqfqfqfqfqfqfqfqfqfqfqfqfqfqfqfqfqfq
fqfqfqfqfqfqfqfqfqfqfqfqfqfqfqfqfqfqfqfqfqfqf
qfqfqfqfqfqfqfqfqfqfqfqfqfqfqfqfqfqfqfqfqfqfq
fqfqfqfqfqfqfqfqfqfqfqfqfqfqfqfqfqfqfqfqfqfqf
qfqfqfqfqfqfqfqfqfqfqfqfqfqfqfqfqfqfqfqfqfqfq
fqfqfqfqfqfqfqfqfqfqfqfqfqfqfqfqfqfqfqfqfqfqf
qfqfqfqfqfqfqfqfqfqfqfqfqfqfqfqfqfqfqfqfqfqfq
fqfqfqfqfqfqfqfqfqfqfqfqfqfqfqfqfqfqfqfqfqfqf
qfqfqfqfqfqfqfqfqfqfqfqfqfqfqfqfqfqfqfqfqfqfq
fqfqfqfqfqfqfqfqfqfqfqfqfqfqfqfqfqfqfqfqfqfqf
qfqfqfqfqfqfqfqfqfqfqfqfqfqfqfqfqfqfqfqfqfqfq
fqfqfqfqfqfqfqfqfqfqfqfqfqfqfqfqfqfqfqfqfqfqf
qfqfqfqfqfqfqfqfqfqfqfqfqfqfqfqfqfqfqfqfqfqfq
fqfqfqfqfqfqfqfqfqfqfqfqfqfqfqfqfqfqfqfqfqfqf
qfqfqfqfqfqfqfqfqfqfqfqfqfqfqfqfqfqfqfqfqfqfq
fqfqfqfqfqfqfqfqfqfqfqfqfqfqfqfqfqfqfqfqfqfqf
qfqfqfqfqfqfqfqfqfqfqfqfqfqfqfqfqfqfqfqfqfqfq
fqfqfqfqfqfqfqfqfqfqfqfqfqfqfqfqfqfqfqfqfqfqf
qfqfqfqfqfqfqfqfqfqfqfqfqfqfqfqfqfqfqfqfqfqfq
fqfqfqfqfqfqfqfqfqfqfqfqfqfqfqfqfqfqfqfqfqfqf
qfqfqfqfqfqfqfqfqfqfqfqfqfqfqfqfqfqfqfqfqfqfq
fqfqfqfqfqfqfqfqfqfqfqfqfqfqfqfqfqfqfqfqfqfqf
qfqfqfqfqfqfqfqfqfqfqfqfqfqfqfqfqfqfqfqfqfqfq
fqfqfqfqfqfqfqfqfqfqfqfqfqfqfqfqfqfqfqfqfqfqf
qfqfqfqfqfqfqfqfqfqfqfqfqfqfqfqfqfqfqfqfqfqfq
fqfqfqfqfqfqfqfqfqfqfqfqfqfqfqfqfqfqfqfqfqfqf
qfqfqfqfqfqfqfqfqfqfqfqfqfqfqfqfqfqfqfqfqfqfq
fqfqfqfqfqfqfqfqfqfqfqfqfqfqfqfqfqfqfqfqfqfqf
qfqfqfqfqfqfqfqfqfqfqfqfqfqfqfqfqfqfqfqfqfqfq
fqfqfqfqfqfqfqfqfqfqfqfqfqfqfqfqfqfqfqfqfqfqf
qfqfqfqfqfqfqfqfqfqfqfqfqfqfqfqfqfqfqfqfqfqfq
fqfqfqfqfqfqfqfqfqfqfqfqfqfqfqfqfqfqfqfqfqfqf
qfqfqfqfqfqfqfqfqfqfqfqfqfqfqfqfqfqfqfqfqfqfq
fqfqfqfqfqfqfqfqfqfqfqfqfqfqfqfqfqfqfqfqfqfqf
qfqfqfqfqfqfqfqfqfqfqfqfqfqfqfqfqfqfqfqfqfqfq
fqfqfqfqfqfqfqfqfqfqfqfqfqfqfqfqfqfqfqfqfqfqf
qfqfqfqfqfqfqfqfqfqfqfqfqfqfqfqfqfqfqfqfqfqfq
fqfqfqfqfqfqfqfqfqfqfqfqfqfqfqfqfqfqfqfqfqfqf
qfqfqfqfqfqfqfqfqfqfqfqfqfqfqfqfqfqfqfqfqfqfq
fqfqfqfqfqfqfqfqfqfqfqfqfqfqfqfqfqfqfqfqfqfqf
qfqfqfqfqfqfqfqfqfqfqfqfqfqfqfqfqfqfqfqfqfqfq
fqfqfqfqfqfqfqfqfqfqfqfqfqfqfqfqfqfqfqfqfqfqf
qfqfqfqfqfqfqfqfqfqfqfqfqfqfqfqfqfqfqfqfqfqfq
fqfqfqfqfqfqfqfqfqfqfqfqfqfqfqfqfqfqfqfqfqfqf
qfqfqfqfqfqfqfqfqfqfqfqfqfqfqfqfqfqfqfqfqfqfq
fqfqfqfqfqfqfqfqfqfqfqfqfqfqfqfqfqfqfqfqfqfqf
qfqfqfqfqfqfqfqfqfqfqfqfqfqfqfqfqfqfqfqfqfqfq
fqfqfqfqfqfqfqfqfqfqfqfqfqfqfqfqfqfqfqfqfqfqf
qfqfqfqfqfqfqfqfqfqfqfqfqfqfqfqfqfqfqfqfqfqfq
fqfqfqfqfqfqfqfqfqfqfqfqfqfqfqfqfqfqfqfqfqfqf
qfqfqfqfqfqfqfqfqfqfqfqfqfqfqfqfqfqfqfqfqfqfq
fqfqfqfqfqfqfqfqfqfqfqfqfqfqfqfqfqfqfqfqfqfqf
qfqfqfqfqfqfqfqfqfqfqfqfqfqfqfqfqfqfqfqfqfqfq
fqfqfqfqfqfqfqfqfqfqfqfqfqfqfqfqfqfqfqfqfqfqf
qfqfqfqfqfqfqfqfqfqfqfqfqfqfqfqfqfqfqfqfqfqfq
fqfqfqfqfqfqfqfqfqfqfqfqfqfqfqfqfqfqfqfqfqfqf
qfqfqfqfqfqfqfqfqfqfqfqfqfqfqfqfqfqfqfqfqfqfq
fqfqgqgqgqgqgqgqgqgqgqgqgqgqgqgqgqgqgqgqgqgqg
qgqgqgqgqgqgqgqgqgqgqgqgqgqgqgqgqgqgqgqgqgqgq
gqgqgqgqgqgqgqgqgqgqgqgqgqgqgqgqgqgqgqgqgqgqg
qgqgqgqgqgqgqgqgqgqgqgqgqgqgqgqgqgqgqgqgqgqgq
gqgqgqgqgqgqgqgqgqgqgqgqgqgqgqgqgqgqgqgqgqgqg
qgqgqgqgqgqgqgqgqgqgqgqgqgqgqgqgqgqgqgqgqgqgq
gqgqgqgqgqgqgqgqgqgqgqgqgqgqgqgqgqgqgqgqgqgqg
qgqgqgqgqgqgqgqgqgqgqgqgqgqgqgqgqgqgqgqgqgqgq
gqgqgqgqgqgqgqgqgqgrgrgrgrgrgrgrgrgrgrgrgrgrg
rgrgrgrgrgrgrgrgrgrgrgrgrgrgrgrgrgrgrgrgrgrgr
grgrgrgrgrgrgrgrgrgrgrgrgrgrgrgrgrgrgrgrgrgrg
rgrgrgrgrgrgrgrgrgrgrgrgrgrgrgrgrgrgrgrgrgrgr
grgrgrgrgrgrgrgrgrgrgrgrgrgrgrgrgrgrgrgrgrgrg
rgrgrgrgrgrgrgrgrgrgrgrgrgrgrgrgrgrgrgrgrgrgr
grgrgrgrgrgrgrgrgrgrgrgrgrgrgrgrgrgrgrgrgrgrg
rgrgrgrgrgrgrgrgrgrgrgrgrgrgrgrgrgrgrgrgrgrgr
grgrgrgrgrgrgrgrgrgrgrgrgrgrgrgrgrgrgrgrgrgrg
rgrgrgrgrgrgrgrgrgrgrgrgrgrgrgrgrgrgrgrgrgrgr
grgrgrgrgrgrgrgrgrgrgrgrgrgrgrgrgrgrgrgrgrgrg
rgrgrgrgrgrgrgrgrgrgrgrgrgrgrgrgrgrgrgrgrgrgr
grgrgrgrgrgrgrgrgrgrgrgrgrgrgrgrgrgrgrgrgrgrg
rgrgrgrgrgrgrgrgrgrgrgrgrgrgrgrgrgrgrgrgrgrgr
grgrgrgrgrgrgrgrgrgrgrgrgrgrgrgrgrgrgrgrgrgrg
rgrgrgrgrgrgrgrgrgrgrgrgrgrgrgrgrgrgrgrgrgrgr
grgrgrgrgrgrgrgrgrgrgrgrgrgrgrgrgrgrgrgrgrgrg
rgrgrgrgrgrgrgrgrgrgrgrgrgrgrgrgrgrgrgrgrgrgr
grgrgrgrgrgrgrgrgrgrgrgrgrgrgrgrgrgrgrgrgrgrg
rgrgrgrgrgrgrgrgrgrgrgrgrgrgrgrgrgrgrgrgrgrgr
grgrgrgrgrgrgrgrgrgrgrgrgrgrgrgrgrgrgrgrgrgrg
rgrgrgrgrgrgrgrgrgrgrgrgrgrgrgrgrgrgrgrgrgrgr
grgrgrgrgrgrgrgrgrgrgrgrgrgrgrgrgrgrgrgrgrgrg
rgrgrgrgrgrgrgrgrgrgrgrgrgrgrgrgrgrgrgrgrgrgr
grgrgrgrgrgrgrgrgrgrgrgrgrgrgrgrgrgrgrgrgrgrg
rgrgrgrgrgrgrgrgrgrgrgrgrgrgrgrgrgrgrgrgrgrgr
grgrgrgrgrgrgrgrgrgrgrgrgrgrgrgrgrgrgrgrgrgrg
rgrgrgrgrgrgrgrgrgrgrgrgrgrgrgrgrgrgrgrgrgrgr
grgrgrgrgrgrgrgrgrgrgrgrgrgrgrgrgrgrgrgrgrgrg
rgrgrgrgrgrgrgrgrgrgrgrgrgrgrgrgrgrgrgrgrgrgr
grgrgrgrgrgrgrgrgrgrgrgrgrgrgrgrgrgrgrgrgrgrg
rgrgrgrgrgrgrgrgrgrgrgrgrgrgrgrgrgrgrgrgrgrgr
grgrgrgrgrgrgrgrgrgrgrgrgrgrgrgrgrgrgrgrgrgrg
rgrgrgrgrgrgrgrgrgrgrgrgrgrgrgrgrgrgrgrgrgrgr
grgrgrgrgrgrgrgrgrgrgrgrgrgrgrgrgrgrgrgrgrgrg
rgrgrgrgrgrgrgrgrgrgrgrgrgrgrgrgrgrgrgrgrgrgr
grgrgrgrgrgrgrgrgrgrgrgrgrgrgrgrgrgrgrgrgrgrg
rgrgrgrgrgrgrgrgrgrgrgrgrgrgrgrgrgrgrgrgrgrgr
grgrgrgrgrgrgrgrgrgrgrgrgrgrgrgrgrgrgrgrgrgrg
rgrgrgrgrgrgrgrgrgrgrgrgrgrgrgrgrgrgrgrgrgrgr
grgrgrgrgrgrgrgrgrgrgrgrgrgrgrgrgrgrgrgrgrgrg
rgrgrgrgrgrgrgrgrgrgrgrgrgrgrgrgrgrgrgrgrgrgr
grgrgrgrgrgrgrgrgrgrgrgrgrgrgrgrgrgrgrgrgrgrg
rgrgrgrgrgrgrgrgrgrgrgrgrgrgrgrgrgrgrgrgrgrgr
grgrgrgrgrgrgrgrgrgrgrgrgrgrgrgrgrgrgrgrgrgrg
rgrgrgrgrgrgrgrgrgrgrgrgrgrgrgrgrgrgrgrgrgrgr
grgrgrgrgrgrgrgrgrgrgrgrgrgrgrgrgrgrgrgrgrgrg
rgrgrgrgrgrgrgrgrgrgrgrgrgrgrgrgrgrgrgrgrgrgr
grgrgrgrgrgrgrgrgrgrgrgrgrgrgrgrgrgrgrgrgrgrg
rgrgrgrgrgrgrgrgrgrgrgrgrgrgrgrgrgrgrgrgrgrgr
grgrgrgrgrgrgrgrgrgrgrgrgrgrgrgrgrgrgrgrgrgrg
rgrgrgrgrgrgrgrgrgrgrgrgrgrgrgrgrgrgrgrgrgrgr
grgrgrgrgrgrgrgrgrgrgrgrgrgrgrgrgrgrgrgrgrgrg
rgrgrgrgrgrgrgrgrgrgrgrgrgrgrgrgrgrgrgrgrgrgr
grgrgrgrgrgrgrgrgrgrgrgrgrgrgrgrgrgrgrgrgrgrg
rgrgrgrgrgrgrgrgrgrgrgrgrgrgrgrgrgrgrgrgrgrgr
grgrgrgrgrgrgrgrgrgrgrgrgrgrgrgrgrgrgrgrgrgrg
rgrgrgrgrgrgrgrgrgrgrgrgrgrgrgrgrgrgrgrgrgrgr
grgrgrgrgrgrgrgrgrgrgrgrgrgrgrgrgrgrgrgrgrgrg
rgrgrgrgrgrgrgrgrgrgrgrgrgrgrgrgrgrgrgrgrgrgr
grgrgrgrgrgrgrgrgrgrgrgrgrgrgrgrgrgrgrgrgrgrg
rgrgrgrgrgrgrgrgrgrgrgrgrgrgrgrgrgrgrgrgrgrgr
grgrgrgrgrgrgrgrgrgrgrgrgrgrgrgrgrgrgrgrgrgrg
rgrgrgrgrgrgrgrgrgrgrgrgrgrgrgrgrgrgrgrgrgrgr
grgrgrgrgrgrgrgrgrgrgrgrgrgrgrgrgrgrgrgrgrgrg
rgrgrgrgrgrgrgrgrgrgrgrgrgrgrgrgrgrgrgrgrgrgr
grgrgrgrgrgrgrgrgrgrgrgrgrgrgrgrgrgrgrgrgrgrg
rgrhrhrhrhrhrhrhrhrhrhrhrhrhrhrhrhrhrhrhrhrhr
hrhrhrhrhrhrhrhrhrhrhrhrhrhrhrhrhrhrhrhrhrhrh
rhrhrhrhrhrhrhrhrhrhrhrhrhrhrhrhrhrhrhrhrhrhr
hrhrhrhrhrhrhrhrhrhrhrhrhrhrhrhrhrhrhrhrhrhrh
rhrhrhrhrhrhrhrhrhrhrhrhrhrhrhrhrhrhrhrhrhrhr
hrhrhrhrhrhrhrhrhrhrhrhrhrhrhrhrhrhrhrhrhrhrh
rhrhrhrhrhrhrhrhrhrhrhrhrhrhrhrhrhrhrhrhrhrhr
hrhrhrhrhrhrhrhrhrhrhrhrhrhrhrhrhrhrhrhrhrhrh
rhrhrhrhrhrhrhrhrhrhrhrhrhrhrhrhrhrhrhrhrhrhr
hrhrhrhrhrhrhshshshshshshshshshshshshshshshsh
shshshshshshshshshshshshshshshshshshshshshshs
hshshshshshshshshshshshshshshshshshshshshshsh
shshshshshshshshshshshshshshshshshshshshshshs
hshshshshshshshshshshshshshshshshshshshshshsh
shshshshshshshshshshshshshshshshshshshshshshs
hshshshshshshshshshshshshshshshshshshshshshsh
shshshshshshshshshshshshshshshshshshshshshshs
hshshshshshshshshshshshshshshshshshshshshshsh
shshshshshshshshshshshshshshshshshshshshshshs
hshshshshshshshshshshshshshshshshshshshshshsh
shshshshshshshshshshshshshshshshshshshshshshs
hshshshshshshshshshshshshshshshshshshshshshsh
shshshshshshshshshshshshshshshshshshshshshshs
hshshshshshshshshshshshshshshshshshshshshshsh
shshshshshshshshshshshshshshshshshshshshshshs
hshshshshshshshshshshshshshshshshshshshshshsh
shshshshshshshshshshshshshshshshshshshshshshs
hshshshshshshshshshshshshshshshshshshshshshsh
shshshshshshshshshshshshshshshshshshshshshshs
hshshshshshshshshshshshshshshshshshshshshshsh
shshshshshshshshshshshshshshshshshshshshshshs
hshshshshshshshshshshshshshshshshshshshshshsh
shshshshshshshshshshshshshshshshshshshshshshs
hshshshshshshshshshshshshshshshshshshshshshsh
shshshshshshshshshshshshshshshshshshshshshshs
hshshshshshshshshshshshshshshshshshshshshshsh
shshshshshshshshshshshshshshshshshshshshshshs
hshshshshshshshshshshshshshshshshshshshshshsh
shshshshshshshshshshshshshshshshshshshshshshs
hshshshshshshshshshshshshshshshshshshshshshsh
shshshshshshshshshshshshshshshshshshshshshshs
hshshshshshshshshshshshshshshshshshshshshshsh
shshshshshshshshshshshshshshshshshshshshshshs
hshshshshshshshshshshshshshshshshshshshshshsh
shshshshshshshshshshshshshshshshshshshshshshs
hshshshshshshshshshshshshshshshshshshshshshsh
shshshshshshshshshshshshshshshshshshshshshshs
hshshshshshshshshshshshshshshshshshshshshshsh
shshshshshshshshshshshshshshshshshshshshshshs
hshshshshshshshshshshshshshshshshshshshshshsh
shshshshshshshshshshshshshshshshshshshshshshs
hshshshshshshshshshshshshshshshshshshshshshsh
shshshshshshshshshshshshshshshshshshshshshshs
hshshshshshshshshshshshshshshshshshshshshshsh
shshshshshshshshshshshshshshshshshshshshshshs
hshshshshshshshshshshshshshshshshshshshshshsh
shshshshshshshshshshshshshshshshshshshshshshs
hshshshshshshshshshshshshshshshshshshshshshsh
shshshshshshshshshshshshshshshshshshshshshshs
hshshshshshshshshshshshshshshshshshshshshshsh
shshshshshshshshshshshshshshshshshshshshshshs
hshshshshshshshshshshshshshshshshshshshshshsh
shshshshshshshshshshshshshshshshshshshshshshs
hshshshshshshshshshshshshshshshshshshshshshsh
shshshshshshshshshshshshshshshshshshshshshshs
hshshshshshshshshshshshshshshshshshshshshshsh
shshshshshshshshshshshshshshshshshshshshshshs
hshshshshshshshshshshshshshshshshshshshshshsh
shshshshshshshshshshshshshshshshshshshshshshs
hshshshshshshshshshshshshshshshshshshshshshsh
shshshshshshshshshshshshshshshshshshshshshshs
hshshshshshshshshshshshshshshshshshshshshshsh
shshshshshshshshshshshshshshshshshshshshshshs
hshshshshshshshshshsisisisisisisisisisisisisi
sisisisisisisisisisisisisisisisisisisisisisis
isisisisisisisisisisisisisisisisisisisisisisi
sisisisisisisisisisisisisisisisisisisisisisis
isisisisisisisisisisisisisisisisisisisisisisi
sisisisisisisisisisisisisisisisisisisisisisis
isisisisisisisisisisisisisisisisisisisisisisi
sisisisisisisisisisisisisisisisisisisisisisis
isisisisisisisisisisisisisisisisisisisisisisi
sisisisisisisisisisisisisisisisisisisisisisis
isisisisisisisisisisisisisisisisisisisisisisi
sisisisisisisisisisisisisisisisisisisisisisis
isisisisisisisisisisisisisisisisisisisisisisi
sisisisisisititititititititititititititititit
ititititititititititititititititititititititi
titititititititititititititititititititititit
ititititititititititititititititititititititi
titititititititititititititititititititititit
ititititititititititititititititititititititi
titititititititititititititititititititititit
ititititititititititititititititititititititi
titititititititititititititititititititititit
ititititititititititititititititititititititi
titititititititititititititititititititititit
ititititititititititititititititititititititi
titititititititititititititititititititititit
ititititititititititititititititititititititi
titititititititititititititititititititititit
ititititititititititititititititititititititi
titititititititititititititititititititititit
ititititititititititititititititititititititi
titititititititititititititititititititititit
ititititititititititititititititititititititi
titititititititititititititititititititititit
ititititititititititititititititititititititi
titititititititititititititititititititititit
ititititititititititititititititititititititi
titititititititititititititititititititititit
ititititititititititititititititititititititi
titititititititititititititititititititititit
ititititititititititititititititititititititi
titititititititititititititititititititititit
ititititititititititititititititititititititi
titititititititititititititititititititititit
ititititititititititititititititititititititi
titititititititititititititititititititititit
ititititititititititititititititititititititi
titititititititititititititititititititititit
ititititititititititititititititititititititi
titititititititititititititititititititititit
ititititititititititititititititititititititi
titititititititititititititititititititititit
ititititititititititititititititititititititi
titititititititititititititititititititititit
ititititititititititititititititititititititi
titititititititititititititititititititititit
ititititititititititititititititititititititi
titititititititititititititititititititititit
ititititititititititititititititititititititi
titititititititititititititititititititititit
ititititititititititititititititititititititi
titititititititititititititititititititititit
ititititititititititititititititititititititi
titititititititititititititititititititititit
ititititititititititititititititititititititi
titititititititititititititititititititititit
ititititititititititititititititititititititi
titititititititititititititititititititititit
ititititititititititititititititititititititi
titititititititititititititititititititititit
ititititititititititititititititititititititi
titititititititititititititititititititititit
ititititititititititititititititititititititi
titititititititititititititititititititititit
ititititititititititititititititititititititi
titititititititititititititititititititititit
itititjtjtjtjtjtjtjtjtjtjtjtjtjtjtjtjtjtjtjtj
tjtjtjtjtjtjtjtjtjtjtjtjtjtjtjtjtjtjtjtjtjtjt
jtjtjtjtjtjtjtjtjtjtjtjtjtjtjtjtjtjtjtjtjtjtj
tjtjtjtjtjtjtjtjtjtjtjtjtjtjtjtjtjtjtjtjtjtjt
jtjtjtjtjtjtjtjtjtjtjtjtjtjtjtjtjtjtjtjtjtjtj
tjtjtjtjtjtjtjtjtjtjtjtjtjtjtjtjtjtjtjtjtjtjt
jtjtjtjtjtjtjtjtjtjtjtjtjtjtjtjtjtjtjtjtjtjtj
tjtjtjtjtjtjtjtjtjtjtjtjtjtjtjtjtjtjtjtjtjtjt
jtjtjtjtjtjtjtjtjtjtjtjtjtjtjtjtjtjtjtjtjtjtj
tjtjtjtjtjtjtjtjtjtjtjtjtjtjtjtjtjtjtjtjtjtjt
jtjtjtjtjtjtjtjtjtjtjtjtjtjtjtjtjtjujujujujuj
ujujujujujujujujujujujujujujujujujujujujujuju
jujujujujujujujujujujujujujujujujujujujujujuj
ujujujujujujujujujujujujujujujujujujujujujuju
jujujujujujujujujujujujujujujujujujujujujujuj
ujujujujujujujujujujujujujujujujujujujujujuju
jujujujujujujujujujujujujujujujujujujujujujuj
ujujujujujujujujujujujujujujujujujujujujujuju
jujujujujujujujujujujujujujujujujujujujujujuj
ujujujujujujujujujujujujujujujujujujujujujuju
jujujujujujujujujujujujujujujujujujujujujujuj
ujujujujujujujujujujujujujujujujujujujujujuju
jujujujujujujujujujujujujujujujujujujujujujuj
ujujujujujujujujujujujujujujujujujujujujujuju
jujujujujujujujujujujujujujujujujujujujujujuj
ujujujujujujujujujujujujujujujujujujujujujuju
jujujujujujujujujujujujujujujujujujujujujujuj
ujujujujujujujujujujujujujujujujujujujujujuju
jujujujujujujujujujujujujujujujujujujujujujuj
ujujujujujujujujujujujujujujujujujujujujujuju
jujujujujujujujujujujujujujujujujujujujujujuj
ujujujujujujujujujujujujujujujujujujujujujuju
jujujujujujujujujujujujujujujujujujujujujujuj
ujujujujujujujujujujujujujujujujujujujujujuju
jujujujujujujujujujujujujujujujujujujujujujuj
ujujujujujujujujujujujujujujujujujujujujujuju
jujujujujujujujujujujujujujujujujujujujujujuj
ujujujujujujujujujujujujujujujujujujujujujuju
jujujujujujujujujujujujujujujujujujujujujujuj
ujujujujujujujujujujujujujujujujujujujujujuju
jujujujujujujujujujujujujujujujujujujujujujuj
ujujujujujujujujujujujujujujujujujujujujujuju
jujujujujujujujujujujujujujujujujujujujujujuj
ujujujujujujujujujujujujujujujujujujujujujuju
jujujujujujujujujujujujujujujujujujujujujujuj
ujujujujujujujujujujujujujujujujujujujujujuju
jujujujujujujujujujujujujujujujujujujujujujuj
ujujujujujujujujujujujujujujujujujujujujujuju
jujujujujujujujujujujujujujujujujujujujujujuj
ujujujujujujujujujujujujujujujujujujujujujuju
jujujujujujujujujujujujujujujujujujujujujujuj
ujujujujujujujujujujujujujujujujujujujujujuju
jujujujujujujujujujujujujujujujujujujujujujuj
ujujujujujujujujujujujujujujujujujujujujujuju
jujujujujujujujujujujujujujujujujujujujujujuj
ujujujujujujujujujujujujujujujujujujujujujuju
jujujujujujujujujujujujujujujujujujujujujujuj
ujujujujujujujujujujujujujujujujujujujujujuju
jujujujujujujujujujujujujujujujujujujujujujuj
ujujujujujujujujujujujujujujujujujujujujujuju
jujujujujujujujujujujujujujujujujujujujujujuj
ujujujujujujujujujujujujujujujujujujujujujuju
jujujujujujujujujujujujujujujujujujujujujujuj
ujujujujujujujujujujujujujujujujujujujujujuju
jujujujujujujujujujujujujujujujujujujujujujuj
ujujujujujujujujujujujujujujujujujujujujujuju
jujujujujujujujujujujujujujujujujujujujujujuj
ujujujujujujujujujujujujujujujujujujujujujuju
jujujujujujujujujujujujujujujujujujujujujujuj
ujujujujujujujujujujujujujujujujujujujujujuju
jujujujujujujujujujujujujujujujujujujujujujuj
ujujujujujujujujujujujujujujujujujujujujujuju
jujujujujujujujujujujujujujujujujujujujujujuj
ujujujujujujujujujujujujujujujujujujujujujuju
jujujujujujujujujujujujujujujujujujujujujujuj
ujujujujujujujujujujujujujujujujujujujujujuju
jujujujujujujujujujujujujujujujujujujujujujuj
ujujujujujujujujujujujujujujujujujujujujujuju
jujujujujujujujujukukukukukukukukukukukukukuk
ukukukukukukukukukukukukukukukukukukukukukuku
kukukukukukukukukukukukukukukukukukukukukukuk
ukukukukukukukukukukukukukukukukukukukukukuku
kukukukukukukukukukukukukukukukukukukukukukuk
ukukukukukukukukukukukukukukukukvkvkvkvkvkvkv
kvkvkvkvkvkvkvkvkvkvkvkvkvkvkvkvkvkvkvkvkvkvk
vkvkvkvkvkvkvkvkvkvkvkvkvkvkvkvkvkvkvkvkvkvkv
kvkvkvkvkvkvkvkvkvkvkvkvkvkvkvkvkvkvkvkvkvkvk
vkvkvkvkvkvkvkvkvkvkvkvkvkvkvkvkvkvkvkvkvkvkv
kvkvkvkvkvkvkvkvkvkvkvkvkvkvkvkvkvkvkvkvkvkvk
vkvkvkvkvkvkvkvkvkvkvkvkvkvkvkvkvkvkvkvkvkvkv
kvkvkvkvkvkvkvkvkvkvkvkvkvkvkvkvkvkvkvkvkvkvk
vkvkvkvkvkvkvkvkvkvkvkvkvkvkvkvkvkvkvkvkvkvkv
kvkvkvkvkvkvkvkvkvkvkvkvkvkvkvkvkvkvkvkvkvkvk
vkvkvkvkvkvkvkvkvkvkvkvkvkvkvkvkvkvkvkvkvkvkv
kvkvkvkvkvkvkvkvkvkvkvkvkvkvkvkvkvkvkvkvkvkvk
vkvkvkvkvkvkvkvkvkvkvkvkvkvkvkvkvkvkvkvkvkvkv
kvkvkvkvkvkvkvkvkvkvkvkvkvkvkvkvkvkvkvkvkvkvk
vkvkvkvkvkvkvkvkvkvkvkvkvkvkvkvkvkvkvkvkvkvkv
kvkvkvkvkvkvkvkvkvkvkvkvkvkvkvkvkvkvkvkvkvkvk
vkvkvkvkvkvkvkvkvkvkvkvkvkvkvkvkvkvkvkvkvkvkv
kvkvkvkvkvkvkvkvkvkvkvkvkvkvkvkvkvkvkvkvkvkvk
vkvkvkvkvkvkvkvkvkvkvkvkvkvkvkvkvkvkvkvkvkvkv
kvkvkvkvkvkvkvkvkvkvkvkvkvkvkvkvkvkvkvkvkvkvk
vkvkvkvkvkvkvkvkvkvkvkvkvkvkvkvkvkvkvkvkvkvkv
kvkvkvkvkvkvkvkvkvkvkvkvkvkvkvkvkvkvkvkvkvkvk
vkvkvkvkvkvkvkvkvkvkvkvkvkvkvkvkvkvkvkvkvkvkv
kvkvkvkvkvkvkvkvkvkvkvkvkvkvkvkvkvkvkvkvkvkvk
vkvkvkvkvkvkvkvkvkvkvkvkvkvkvkvkvkvkvkvkvkvkv
kvkvkvkvkvkvkvkvkvkvkvkvkvkvkvkvkvkvkvkvkvkvk
vkvkvkvkvkvkvkvkvkvkvkvkvkvkvkvkvkvkvkvkvkvkv
kvkvkvkvkvkvkvkvkvkvkvkvkvkvkvkvkvkvkvkvkvkvk
vkvkvkvkvkvkvkvkvkvkvkvkvkvkvkvkvkvkvkvkvkvkv
kvkvkvkvkvkvkvkvkvkvkvkvkvkvkvkvkvkvkvkvkvkvk
vkvkvkvkvkvkvkvkvkvkvkvkvkvkvkvkvkvkvkvkvkvkv
kvkvkvkvkvkvkvkvkvkvkvkvkvkvkvkvkvkvkvkvkvkvk
vkvkvkvkvkvkvkvkvkvkvkvkvkvkvkvkvkvkvkvkvkvkv
kvkvkvkvkvkvkvkvkvkvkvkvkvkvkvkvkvkvkvkvkvkvk
vkvkvkvkvkvkvkvkvkvkvkvkvkvkvkvkvkvkvkvkvkvkv
kvkvkvkvkvkvkvkvkvkvkvkvkvkvkvkvkvkvkvkvkvkvk
vkvkvkvkvkvkvkvkvkvkvkvkvkvkvkvkvkvkvkvkvkvkv
kvkvkvkvkvkvkvkvkvkvkvkvkvkvkvkvkvkvkvkvkvkvk
vkvkvkvkvkvkvkvkvkvkvkvkvkvkvkvkvkvkvkvkvkvkv
kvkvkvkvkvkvkvkvkvkvkvkvkvkvkvkvkvkvkvkvkvkvk
vkvkvkvkvkvkvkvkvkvkvkvkvkvkvkvkvkvkvkvkvkvkv
kvkvkvkvkvkvkvkvkvkvkvkvkvkvkvkvkvkvkvkvkvkvk
vkvkvkvkvkvkvkvkvkvkvkvkvkvkvkvkvkvkvkvkvkvkv
kvkvkvkvkvkvkvkvkvkvkvkvkvkvkvkvkvkvkvkvkvkvk
vkvkvkvkvkvkvkvkvkvkvkvkvkvkvkvkvkvkvkvkvkvkv
kvkvkvkvkvkvkvkvkvkvkvkvkvkvkvkvkvkvkvkvkvkvk
vkvkvkvkvkvkvkvkvkvkvkvkvkvkvkvkvkvkvkvkvkvkv
kvkvkvkvkvkvkvkvkvkvkvkvkvkvkvkvkvkvkvkvkvkvk
vkvkvkvkvkvkvkvkvkvkvkvkvkvkvkvkvkvkvkvkvkvkv
kvkvkvkvkvkvkvkvkvkvkvkvkvkvkvkvkvkvkvkvkvkvk
vkvkvkvkvkvkvkvkvkvkvkvkvkvkvkvkvkvkvkvkvkvkv
kvkvkvkvkvkvkvkvkvkvkvkvkvkvkvkvkvkvkvkvkvkvk
vkvkvkvkvkvkvkvkvkvkvkvkvkvkvkvkvkvkvkvkvkvkv
kvkvkvkvkvkvkvkvkvkvkvkvkvkvkvkvkvkvkvkvkvkvk
vkvkvkvkvkvkvkvkvkvkvkvkvkvkvkvkvkvkvkvkvkvkv
kvkvkvkvkvkvkvkvkvkvkvkvkvkvkvkvkvkvkvkvkvkvk
vkvkvkvkvkvkvkvkvkvkvkvkvkvkvkvkvkvkvkvkvkvkv
kvkvkvkvkvkvkvkvkvkvkvkvkvkvkvkvkvkvkvkvkvkvk
vkvkvkvkvkvkvkvkvkvkvkvkvkvkvkvkvkvkvkvkvkvkv
kvkvkvkvkvkvkvkvkvkvkvkvkvkvkvkvkvkvkvkvkvkvk
vkvkvkvkvkvkvkvkvkvkvkvkvkvkvkvkvkvkvkvkvkvkv
kvkvkvkvkvkvkvkvkvkvkvkvkvkvkvkvkvkvkvkvkvkvk
vkvkvkvkvkvkvkvkvkvkvkvkvkvkvkvkvkvkvkvkvkvkv
kvkvkvkvkvkvkvkvkvkvkvkvkvkvkvkvkvkvkvkvkvkvk
vkvkvkvkvkvkvkvkvkvkvkvkvkvkvkvkvkvkvkvkvkvkv
kvkvkvkvkvkvkvkvkvkvkvkvkvkvkvkvkvkvkvkvkvkvk
vkvkvkvkvkvkvkvkvkvkvkvkvkvkvkvkvkvkvkvkvkvkv
kvkvkvkvkvkvkvkvkvkvkvkvkvkvkvkvkvkvkvkvkvkvk
vkvkvkvkvkvkvkvkvkvkvkvkvkvkvkvkvkvkvkvkvkvkv
kvkvkvkvkvkvkvkvkvkvkvkvkvkvkvkvkvkvkvkvkvkvk
vkvkvkvkvkvkvkvkvkvkvkvkvkvkvkvkvkvkvkvkvkvkv
kvkvkvkvkvkvkvkvkvkvkvkvlvlvlvlvlvlvlvlvlvlvl
vlvlvlvlvlvlvlvlvlvlvlvlvlvlvlvlvlvlvlvlvlvlv
lvlvlvlvlvlvlvlvlvlvlvlvlvlvlvlvlvlvlvlvlvlvl
vlvlvlvlvlvlvlvlvlvlvlvlvlvlvlvlvlvlvlvlvlvlv
lvlvlvlvlvlvlvlvlvlvlvlvlvlvlvlvlvlvlvlvlvlvl
wlwlwlwlwlwlwlwlwlwlwlwlwlwlwlwlwlwlwlwlwlwlw
lwlwlwlwlwlwlwlwlwlwlwlwlwlwlwlwlwlwlwlwlwlwl
wlwlwlwlwlwlwlwlwlwlwlwlwlwlwlwlwlwlwlwlwlwlw
lwlwlwlwlwlwlwlwlwlwlwlwlwlwlwlwlwlwlwlwlwlwl
wlwlwlwlwlwlwlwlwlwlwlwlwlwlwlwlwlwlwlwlwlwlw
lwlwlwlwlwlwlwlwlwlwlwlwlwlwlwlwlwlwlwlwlwlwl
wlwlwlwlwlwlwlwlwlwlwlwlwlwlwlwlwlwlwlwlwlwlw
lwlwlwlwlwlwlwlwlwlwlwlwlwlwlwlwlwlwlwlwlwlwl
wlwlwlwlwlwlwlwlwlwlwlwlwlwlwlwlwlwlwlwlwlwlw
lwlwlwlwlwlwlwlwlwlwlwlwlwlwlwlwlwlwlwlwlwlwl
wlwlwlwlwlwlwlwlwlwlwlwlwlwlwlwlwlwlwlwlwlwlw
lwlwlwlwlwlwlwlwlwlwlwlwlwlwlwlwlwlwlwlwlwlwl
wlwlwlwlwlwlwlwlwlwlwlwlwlwlwlwlwlwlwlwlwlwlw
lwlwlwlwlwlwlwlwlwlwlwlwlwlwlwlwlwlwlwlwlwlwl
wlwlwlwlwlwlwlwlwlwlwlwlwlwlwlwlwlwlwlwlwlwlw
lwlwlwlwlwlwlwlwlwlwlwlwlwlwlwlwlwlwlwlwlwlwl
wlwlwlwlwlwlwlwlwlwlwlwlwlwlwlwlwlwlwlwlwlwlw
lwlwlwlwlwlwlwlwlwlwlwlwlwlwlwlwlwlwlwlwlwlwl
wlwlwlwlwlwlwlwlwlwlwlwlwlwlwlwlwlwlwlwlwlwlw
lwlwlwlwlwlwlwlwlwlwlwlwlwlwlwlwlwlwlwlwlwlwl
wlwlwlwlwlwlwlwlwlwlwlwlwlwlwlwlwlwlwlwlwlwlw
lwlwlwlwlwlwlwlwlwlwlwlwlwlwlwlwlwlwlwlwlwlwl
wlwlwlwlwlwlwlwlwlwlwlwlwlwlwlwlwlwlwlwlwlwlw
lwlwlwlwlwlwlwlwlwlwlwlwlwlwlwlwlwlwlwlwlwlwl
wlwlwlwlwlwlwlwlwlwlwlwlwlwlwlwlwlwlwlwlwlwlw
lwlwlwlwlwlwlwlwlwlwlwlwlwlwlwlwlwlwlwlwlwlwl
wlwlwlwlwlwlwlwlwlwlwlwlwlwlwlwlwlwlwlwlwlwlw
lwlwlwlwlwlwlwlwlwlwlwlwlwlwlwlwlwlwlwlwlwlwl
wlwlwlwlwlwlwlwlwlwlwlwlwlwlwlwlwlwlwlwlwlwlw
lwlwlwlwlwlwlwlwlwlwlwlwlwlwlwlwlwlwlwlwlwlwl
wlwlwlwlwlwlwlwlwlwlwlwlwlwlwlwlwlwlwlwlwlwlw
lwlwlwlwlwlwlwlwlwlwlwlwlwlwlwlwlwlwlwlwlwlwl
wlwlwlwlwlwlwlwlwlwlwlwlwlwlwlwlwlwlwlwlwlwlw
lwlwlwlwlwlwlwlwlwlwlwlwlwlwlwlwlwlwlwlwlwlwl
wlwlwlwlwlwlwlwlwlwlwlwlwlwlwlwlwlwlwlwlwlwlw
lwlwlwlwlwlwlwlwlwlwlwlwlwlwlwlwlwlwlwlwlwlwl
wlwlwlwlwlwlwlwlwlwlwlwlwlwlwlwlwlwlwlwlwlwlw
lwlwlwlwlwlwlwlwlwlwlwlwlwlwlwlwlwlwlwlwlwlwl
wlwlwlwlwlwlwlwlwlwlwlwlwlwlwlwlwlwlwlwlwlwlw
lwlwlwlwlwlwlwlwlwlwlwlwlwlwlwlwlwlwlwlwlwlwl
wlwlwlwlwlwlwlwlwlwlwlwlwlwlwlwlwlwlwlwlwlwlw
lwlwlwlwlwlwlwlwlwlwlwlwlwlwlwlwlwlwlwlwlwlwl
wlwlwlwlwlwlwlwlwlwlwlwlwlwlwlwlwlwlwlwlwlwlw
lwlwlwlwlwlwlwlwlwlwlwlwlwlwlwlwlwlwlwlwlwlwl
wlwlwlwlwlwlwlwlwlwlwlwlwlwlwlwlwlwlwlwlwlwlw
lwlwlwlwlwlwlwlwlwlwlwlwlwlwlwlwlwlwlwlwlwlwl
wlwlwlwlwlwlwlwlwlwlwlwlwlwlwlwlwlwlwlwlwlwlw
lwlwlwlwlwlwlwlwlwlwlwlwlwlwlwlwlwlwlwlwlwlwl
wlwlwlwlwlwlwlwlwlwlwlwlwlwlwlwlwlwlwlwlwlwlw
lwlwlwlwlwlwlwlwlwlwlwlwlwlwlwlwlwlwlwlwlwlwl
wlwlwlwlwlwlwlwlwlwlwlwlwlwlwlwlwlwlwlwlwlwlw
lwlwlwlwlwlwlwlwlwlwlwlwlwlwlwlwlwlwlwlwlwlwl
wlwlwlwlwlwlwlwlwlwlwlwlwlwlwlwlwlwlwlwlwlwlw
lwlwlwlwlwlwlwlwlwlwlwlwlwlwlwlwlwlwlwlwlwlwl
wlwlwlwlwlwlwlwlwlwlwlwlwlwlwlwlwlwlwlwlwlwlw
lwlwlwlwlwlwlwlwlwlwlwlwlwlwlwlwlwlwlwlwlwlwl
wlwlwlwlwlwlwlwlwlwlwlwlwlwlwlwlwlwlwlwlwlwlw
lwlwlwlwlwlwlwlwlwlwlwlwlwlwlwlwlwlwlwlwlwlwl
wlwlwlwlwlwlwlwlwlwlwlwlwlwlwlwlwlwlwlwlwlwlw
lwlwlwlwlwlwlwlwlwlwlwlwlwlwlwlwlwlwlwlwlwlwl
wlwlwlwlwlwlwlwlwlwlwlwlwlwlwlwlwlwlwlwlwlwlw
lwlwlwlwlwlwlwlwlwlwlwlwlwlwlwlwlwlwlwlwlwlwl
wlwlwlwlwlwlwlwlwlwlwlwlwlwlwlwlwlwlwlwlwlwlw
lwlwlwlwlwlwlwlwlwlwlwlwlwlwlwlwlwlwlwlwlwlwl
wlwlwlwlwlwlwlwlwlwlwlwlwlwlwlwlwlwlwlwlwlwlw
lwlwlwlwlwlwlwlwlwlwlwlwlwlwlwlwlwlwlwlwlwlwl
wlwlwlwlwlwlwlwlwlwlwlwlwlwlwlwlwlwlwlwlwlwlw
lwlwlwlwlwlwlwlwlwlwlwlwlwlwlwlwlwlwlwlwlwlwl
wlwlwlwlwlwlwlwlwlwlwlwlwlwlwlwlwlwlwlwlwlwlw
lwlwlwlwlwlwlwlwlwlwlwlwlwlwlwlwlwlwlwlwlwlwl
wlwlwlwlwlwlwlwlwlwlwlwlwlwlwlwlwlwlwlwlwlwlw
lwlwlwlwlwlwlwlwlwlwlwlwmwmwmwmwmwmwmwmwmwmwm
wmwmwmwmwmwmwmwmwmwmwmwmwmwmwmwmwmwmwmwmwmwmx
mxmxmxmxmxmxmxmxmxmxmxmxmxmxmxmxmxmxmxmxmxmxm
xmxmxmxmxmxmxmxmxmxmxmxmxmxmxmxmxmxmxmxmxmxmx
mxmxmxmxmxmxmxmxmxmxmxmxmxmxmxmxmxmxmxmxmxmxm
xmxmxmxmxmxmxmxmxmxmxmxmxmxmxmxmxmxmxmxmxmxmx
mxmxmxmxmxmxmxmxmxmxmxmxmxmxmxmxmxmxmxmxmxmxm
xmxmxmxmxmxmxmxmxmxmxmxmxmxmxmxmxmxmxmxmxmxmx
mxmxmxmxmxmxmxmxmxmxmxmxmxmxmxmxmxmxmxmxmxmxm
xmxmxmxmxmxmxmxmxmxmxmxmxmxmxmxmxmxmxmxmxmxmx
mxmxmxmxmxmxmxmxmxmxmxmxmxmxmxmxmxmxmxmxmxmxm
xmxmxmxmxmxmxmxmxmxmxmxmxmxmxmxmxmxmxmxmxmxmx
mxmxmxmxmxmxmxmxmxmxmxmxmxmxmxmxmxmxmxmxmxmxm
xmxmxmxmxmxmxmxmxmxmxmxmxmxmxmxmxmxmxmxmxmxmx
mxmxmxmxmxmxmxmxmxmxmxmxmxmxmxmxmxmxmxmxmxmxm
xmxmxmxmxmxmxmxmxmxmxmxmxmxmxmxmxmxmxmxmxmxmx
mxmxmxmxmxmxmxmxmxmxmxmxmxmxmxmxmxmxmxmxmxmxm
xmxmxmxmxmxmxmxmxmxmxmxmxmxmxmxmxmxmxmxmxmxmx
mxmxmxmxmxmxmxmxmxmxmxmxmxmxmxmxmxmxmxmxmxmxm
xmxmxmxmxmxmxmxmxmxmxmxmxmxmxmxmxmxmxmxmxmxmx
mxmxmxmxmxmxmxmxmxmxmxmxmxmxmxmxmxmxmxmxmxmxm
xmxmxmxmxmxmxmxmxmxmxmxmxmxmxmxmxmxmxmxmxmxmx
mxmxmxmxmxmxmxmxmxmxmxmxmxmxmxmxmxmxmxmxmxmxm
xmxmxmxmxmxmxmxmxmxmxmxmxmxmxmxmxmxmxmxmxmxmx
mxmxmxmxmxmxmxmxmxmxmxmxmxmxmxmxmxmxmxmxmxmxm
xmxmxmxmxmxmxmxmxmxmxmxmxmxmxmxmxmxmxmxmxmxmx
mxmxmxmxmxmxmxmxmxmxmxmxmxmxmxmxmxmxmxmxmxmxm
xmxmxmxmxmxmxmxmxmxmxmxmxmxmxmxmxmxmxmxmxmxmx
mxmxmxmxmxmxmxmxmxmxmxmxmxmxmxmxmxmxmxmxmxmxm
xmxmxmxmxmxmxmxmxmxmxmxmxmxmxmxmxmxmxmxmxmxmx
mxmxmxmxmxmxmxmxmxmxmxmxmxmxmxmxmxmxmxmxmxmxm
xmxmxmxmxmxmxmxmxmxmxmxmxmxmxmxmxmxmxmxmxmxmx
mxmxmxmxmxmxmxmxmxmxmxmxmxmxmxmxmxmxmxmxmxmxm
xmxmxmxmxmxmxmxmxmxmxmxmxmxmxmxmxmxmxmxmxmxmx
mxmxmxmxmxmxmxmxmxmxmxmxmxmxmxmxmxmxmxmxmxmxm
xmxmxmxmxmxmxmxmxmxmxmxmxmxmxmxmxmxmxmxmxmxmx
mxmxmxmxmxmxmxmxmxmxmxmxmxmxmxmxmxmxmxmxmxmxm
xmxmxmxmxmxmxmxmxmxmxmxmxmxmxmxmxmxmxmxmxmxmx
mxmxmxmxmxmxmxmxmxmxmxmxmxmxmxmxmxmxmxmxmxmxm
xmxmxmxmxmxmxmxmxmxmxmxmxmxmxmxmxmxmxmxmxmxmx
mxmxmxmxmxmxmxmxmxmxmxmxmxmxmxmxmxmxmxmxmxmxm
xmxmxmxmxmxmxmxmxmxmxmxmxmxmxmxmxmxmxmxmxmxmx
mxmxmxmxmxmxmxmxmxmxmxmxmxmxmxmxmxmxmxmxmxmxm
xmxmxmxmxmxmxmxmxmxmxmxmxmxmxmxmxmxmxmxmxmxmx
mxmxmxmxmxmxmxmxmxmxmxmxmxmxmxmxmxmxmxmxmxmxm
xmxmxmxmxmxmxmxmxmxmxmxmxmxmxmxmxmxmxmxmxmxmx
mxmxmxmxmxmxmxmxmxmxmxmxmxmxmxmxmxmxmxmxmxmxm
xmxmxmxmxmxmxmxmxmxmxmxmxmxmxmxmxmxmxmxmxmxmx
mxmxmxmxmxmxmxmxmxmxmxmxmxmxmxmxmxmxmxmxmxmxm
xmxmxmxmxmxmxmxmxmxmxmxmxmxmxmxmxmxmxmxmxmxmx
mxmxmxmxmxmxmxmxmxmxmxmxmxmxmxmxmxmxmxmxmxmxm
xmxmxmxmxmxmxmxmxmxmxmxmxmxmxmxmxmxmxmxmxmxmx
mxmxmxmxmxmxmxmxmxmxmxmxmxmxmxmxmxmxmxmxmxmxm
xmxmxmxmxmxmxmxmxmxmxmxmxmxmxmxmxmxmxmxmxmxmx
mxmxmxmxmxmxmxmxmxmxmxmxmxmxmxmxmxmxmxmxmxmxm
xmxmxmxmxmxmxmxmxmxmxmxmxmxmxmxmxmxmxmxmxmxmx
mxmxmxmxmxmxmxmxmxmxmxmxmxmxmxmxmxmxmxmxmxmxm
xmxmxmxmxmxmxmxmxmxmxmxmxmxmxmxmxmxmxmxmxmxmx
mxmxmxmxmxmxmxmxmxmxmxmxmxmxmxmxmxmxmxmxmxmxm
xmxmxmxmxmxmxmxmxmxmxmxmxmxmxmxmxmxmxmxmxmxmx
mxmxmxmxmxmxmxmxmxmxmxmxmxmxmxmxmxmxmxmxmxmxm
xmxmxmxmxmxmxmxmxmxmxmxmxmxmxmxmxmxmxmxmxmxmx
mxmxmxmxmxmxmxmxmxmxmxmxmxmxmxmxmxmxmxmxmxmxm
xmxmxmxmxmxmxmxmxmxmxmxmxmxmxmxmxmxmxmxmxmxmx
mxmxmxmxmxmxmxmxmxmxmxmxmxmxmxmxmxmxmxmxmxmxm
xmxmxmxmxmxmxmxmxmxmxmxmxmxmxmxmxmxmxmxmxmxmx
mxmxmxmxmxmxmxmxmxmxmxmxmxmxmxmxmxmxmxmxmxmxm
xmxmxmxmxmxmxmxmxmxmxmxmxmxmxmxmxmxmxmxmxmxmx
mxmxmxmxmxmxmxmxmxmxmxmxmxmxmxmxmxmxmxmxmxmxm
xmxmxmxmxmxmxmxmxmxmxmxmxmxmxmxmxmxmxmxmxmxmx
mxmxmxmxmxmxmxmxmxmxmxmxmxmxmxmxmxmxmxmxmxmxm
xmxmxmxmxmxmxmxmxmxmxmxmxmxmxmxmxmxmxmxmxmxmx
mxmxmxmxmxmxmxmxmxmxmxmxmxmxmxmxmxmxmxmxmxmxm
xmxmxmxmxmxmxmxmxmxmxmxmxmxmxmxmxmxmxmxmxmxmx
mxmxmxmxmxmxmxmxmxmxmxmxmxmxnxnxnxnxnxnxnxnxn
xnxnxnxnxnxnxnxnxnxnxnxnxnxnxnxnxnxnxnxnxnxnx
nxnxnxnxnxnxnxnxnxnxnxnxnxnxnxnxnxnxnxnxnxnxn
xnxnxnxnxnxnxnxnxnxnxnxnxnxnxnxnxnxnxnxnxnxnx
nxnxnxnxnxnxnxnxnxnxnxnxnxnxnxnxnxnxnxnxnxnxn
xnxnxnxnxnxnxnxnxnxnxnxnxnxnxnxnxnxnxnxnxnxnx
nxnxnxnxnxnxnxnxnxnxnxnxnxnxnxnxnxnxnxnxnxnxn
xnxnxnxnxnxnynynynynynynynynynynynynynynynyny
nynynynynynynynynynynynynynynynynynynynynynyn
ynynynynynynynynynynynynynynynynynynynynynyny
nynynynynynynynynynynynynynynynynynynynynynyn
ynynynynynynynynynynynynynynynynynynynynynyny
nynynynynynynynynynynynynynynynynynynynynynyn
ynynynynynynynynynynynynynynynynynynynynynyny
nynynynynynynynynynynynynynynynynynynynynynyn
ynynynynynynynynynynynynynynynynynynynynynyny
nynynynynynynynynynynynynynynynynynynynynynyn
ynynynynynynynynynynynynynynynynynynynynynyny
nynynynynynynynynynynynynynynynynynynynynynyn
ynynynynynynynynynynynynynynynynynynynynynyny
nynynynynynynynynynynynynynynynynynynynynynyn
ynynynynynynynynynynynynynynynynynynynynynyny
nynynynynynynynynynynynynynynynynynynynynynyn
ynynynynynynynynynynynynynynynynynynynynynyny
nynynynynynynynynynynynynynynynynynynynynynyn
ynynynynynynynynynynynynynynynynynynynynynyny
nynynynynynynynynynynynynynynynynynynynynynyn
ynynynynynynynynynynynynynynynynynynynynynyny
nynynynynynynynynynynynynynynynynynynynynynyn
ynynynynynynynynynynynynynynynynynynynynynyny
nynynynynynynynynynynynynynynynynynynynynynyn
ynynynynynynynynynynynynynynynynynynynynynyny
nynynynynynynynynynynynynynynynynynynynynynyn
ynynynynynynynynynynynynynynynynynynynynynyny
nynynynynynynynynynynynynynynynynynynynynynyn
ynynynynynynynynynynynynynynynynynynynynynyny
nynynynynynynynynynynynynynynynynynynynynynyn
ynynynynynynynynynynynynynynynynynynynynynyny
nynynynynynynynynynynynynynynynynynynynynynyn
ynynynynynynynynynynynynynynynynynynynynynyny
nynynynynynynynynynynynynynynynynynynynynynyn
ynynynynynynynynynynynynynynynynynynynynynyny
nynynynynynynynynynynynynynynynynynynynynynyn
ynynynynynynynynynynynynynynynynynynynynynyny
nynynynynynynynynynynynynynynynynynynynynynyn
ynynynynynynynynynynynynynynynynynynynynynyny
nynynynynynynynynynynynynynynynynynynynynynyn
ynynynynynynynynynynynynynynynynynynynynynyny
nynynynynynynynynynynynynynynynynynynynynynyn
ynynynynynynynynynynynynynynynynynynynynynyny
nynynynynynynynynynynynynynynynynynynynynynyn
ynynynynynynynynynynynynynynynynynynynynynyny
nynynynynynynynynynynynynynynynynynynynynynyn
ynynynynynynynynynynynynynynynynynynynynynyny
nynynynynynynynynynynynynynynynynynynynynynyn
ynynynynynynynynynynynynynynynynynynynynynyny
nynynynynynynynynynynynynynynynynynynynynynyn
ynynynynynynynynynynynynynynynynynynynynynyny
nynynynynynynynynynynynynynynynynynynynynynyn
ynynynynynynynynynynynynynynynynynynynynynyny
nynynynynynynynynynynynynynynynynynynynynynyn
ynynynynynynynynynynynynynynynynynynynynynyny
nynynynynynynynynynynynynynynynynynynynynynyn
ynynynynynynynynynynynynynynynynynynynynynyny
nynynynynynynynynynynynynynynynynynynynynynyn
ynynynynynynynynynynynynynynynynynynynynynyny
nynynynynynynynynynynynynynynynynynynynynynyn
ynynynynynynynynynynynynynynynynynynynynynyny
nynynynynynynynynynynynynynynynynynynynynynyn
ynynynynynynynynynynynynynynynynynynynynynyny
nynynynynynynynynynynynynynynynynynynynynynyn
ynynynynynynynynynynynynynynynynynynynynynyny
nynynynynynynynynynynynynynynynynynynynynynyn
ynynynynynynynynynynynynynynynynynynynynynyny
nynynynynynynynynynynynynynynynynynynynynynyn
ynynynynynynynynynynynynynynynynynynynynynyny
nynynynynynynynynynynynynynynynynynynynynynyn
ynynynynynynynynynynynynynynynynynynynynynyny
nynynynynynynynynynynynynynynynynynynynynynyn
ynynyoyoyoyoyoyoyoyoyoyoyoyoyoyoyoyoyoyoyoyoy
oyoyoyoyoyoyoyoyoyoyoyoyoyoyoyoyoyoyoyoyoyoyo
yoyoyoyoyoyoyoyoyoyoyoyoyoyoyoyoyoyoyoyoyoyoy
oyoyoyoyoyoyoyoyoyoyozozozozozozozozozozozozo
zozozozozozozozozozozozozozozozozozozozozozoz
ozozozozozozozozozozozozozozozozozozozozozozo
zozozozozozozozozozozozozozozozozozozozozozoz
ozozozozozozozozozozozozozozozozozozozozozozo
zozozozozozozozozozozozozozozozozozozozozozoz
ozozozozozozozozozozozozozozozozozozozozozozo
zozozozozozozozozozozozozozozozozozozozozozoz
ozozozozozozozozozozozozozozozozozozozozozozo
zozozozozozozozozozozozozozozozozozozozozozoz
ozozozozozozozozozozozozozozozozozozozozozozo
zozozozozozozozozozozozozozozozozozozozozozoz
ozozozozozozozozozozozozozozozozozozozozozozo
zozozozozozozozozozozozozozozozozozozozozozoz
ozozozozozozozozozozozozozozozozozozozozozozo
zozozozozozozozozozozozozozozozozozozozozozoz
ozozozozozozozozozozozozozozozozozozozozozozo
zozozozozozozozozozozozozozozozozozozozozozoz
ozozozozozozozozozozozozozozozozozozozozozozo
zozozozozozozozozozozozozozozozozozozozozozoz
ozozozozozozozozozozozozozozozozozozozozozozo
zozozozozozozozozozozozozozozozozozozozozozoz
ozozozozozozozozozozozozozozozozozozozozozozo
zozozozozozozozozozozozozozozozozozozozozozoz
ozozozozozozozozozozozozozozozozozozozozozozo
zozozozozozozozozozozozozozozozozozozozozozoz
ozozozozozozozozozozozozozozozozozozozozozozo
zozozozozozozozozozozozozozozozozozozozozozoz
ozozozozozozozozozozozozozozozozozozozozozozo
zozozozozozozozozozozozozozozozozozozozozozoz
ozozozozozozozozozozozozozozozozozozozozozozo
zozozozozozozozozozozozozozozozozozozozozozoz
ozozozozozozozozozozozozozozozozozozozozozozo
zozozozozozozozozozozozozozozozozozozozozozoz
ozozozozozozozozozozozozozozozozozozozozozozo
zozozozozozozozozozozozozozozozozozozozozozoz
ozozozozozozozozozozozozozozozozozozozozozozo
zozozozozozozozozozozozozozozozozozozozozozoz
ozozozozozozozozozozozozozozozozozozozozozozo
zozozozozozozozozozozozozozozozozozozozozozoz
ozozozozozozozozozozozozozozozozozozozozozozo
zozozozozozozozozozozozozozozozozozozozozozoz
ozozozozozozozozozozozozozozozozozozozozozozo
zozozozozozozozozozozozozozozozozozozozozozoz
ozozozozozozozozozozozozozozozozozozozozozozo
zozozozozozozozozozozozozozozozozozozozozozoz
ozozozozozozozozozozozozozozozozozozozozozozo
zozozozozozozozozozozozozozozozozozozozozozoz
ozozozozozozozozozozozozozozozozozozozozozozo
zozozozozozozozozozozozozozozozozozozozozozoz
ozozozozozozozozozozozozozozozozozozozozozozo
zozozozozozozozozozozozozozozozozozozozozozoz
ozozozozozozozozozozozozozozozozozozozozozozo
zozozozozozozozozozozozozozozozozozozozozozoz
ozozozozozozozozozozozozozozozozozozozozozozo
zozozozozozozozozozozozozozozozozozozozozozoz
ozozozozozozozozozozozozozozozozozozozozozozo
zozozozozozozozozozozozozozozozozozozozozozoz
ozozozozozozozozozozozozozozozozozozozozozozo
zozozozozozozozozozozozozozozozozozozozozozoz
ozozozozozozozozozozozozozozozozozozozozozozo
zozozozozozozozozozozozozozozozozozozozozozoz
ozozozozozozozozozozozozozozozozozozozozozozo
zozozozozozozozozozozozozozozozozozozozozozoz
ozozozozozozozozozozozozozozozozozozozozozozo
zozozozozozozozozozozozozozozozozozozozozozoz
ozozozozozozozozozozozozozozozozozozozozozozo
zozozozozozozozozozozozozozozozozozozozozozoz
ozozozozozozozozozozozozozozozozozozozozozozo
zozozozozozozozozozozozozozozozozozozozozozoz
ozozozozozozozozozozozozozozozozozozozozozozo
zozozozozozozozozozozozozozozozozozozozozozoz
ozozozozozozozozozozozozozozozozozozozozozozo
zozozozozozozozozozozozozozozozozozozozozozoz
ozozozozozozozozozozozozozozozozozozozozozozo
